41     PID_BOTTLE_CAPS
1101    PID_TUXEDO	
1102    PID_FEAR_ARMOR_SMALL	
1103    PID_BARBARIAN_RED
1104    PID_BARBARIAN_RED_SMALL
1105    PID_BARBARIAN_BRONZE
1106    PID_BARBARIAN_BRONZE_SMALL
1107    PID_BARBARIAN_STEEL
1108    PID_BARBARIAN_STEEL_SMALL
1109    PID_OLD_WOOD_SHIELD
1110    PID_WOOD_SHIELD
1111    PID_OLD_IRON_SHIELD
1112    PID_IRON_SHIELD
1113    PID_EASY_SHIELD
1114    PID_POWER_SHIELD
1115    PID_DARK_SHIELD
1116	PID_OUTSIDER_SHIELD
1117    PID_CHARMED_SHIELD
1118    PID_MAGIC_SHIELD
1119    PID_MYSTIC_SHIELD
1120    PID_MYSTERY_SHIELD
1121    PID_LEATHER_GUARD
1122    PID_LEATHER_GUARD_SMALL
1123    PID_LEATHER_GUARD_BIG
1124    PID_LEATHER_THIEF
1125    PID_LEATHER_THIEF_SMALL
1126    PID_LEATHER_THIEF_BIG
1127    PID_LEATHER
1128    PID_LEATHER_SMALL
1129    PID_LEATHER_BIG
1130    PID_LEATHER_RIVET
1131    PID_LEATHER_RIVET_SMALL
1132    PID_LEATHER_RIVET_BIG
1133    PID_LEATHER_DRAGON
1134    PID_LEATHER_DRAGON_SMALL
1135    PID_LEATHER_DRAGON_BIG
1136    PID_LEATHER_SNEAK
1137    PID_LEATHER_CHARMED
1138    PID_LEATHER_CHARMED_SMALL
1139    PID_LEATHER_CHARMED_BIG
1140    PID_LEATHER_MAGIC
1141    PID_LEATHER_MAGIC_SMALL
1142    PID_LEATHER_MAGIC_BIG
1143    PID_LEATHER_MYSTIC
1144    PID_LEATHER_MYSTIC_SMALL
1145    PID_LEATHER_MYSTIC_BIG
1146    PID_LEATHER_MYSTERY
1147    PID_LEATHER_MYSTERY_SMALL
1148    PID_LEATHER_MYSTERY_BIG
1149    PID_RING_PRETTY
1150    PID_RING_LOADED
1151    PID_RING_CUPRUM
1152    PID_RING_GOLD
1153    PID_RING_PROTECT
1154    PID_RING_DESTINY
1155    PID_RING_CHARMED
1156    PID_RING_MYSTERY
1157    PID_RING_EMERALD
1158    PID_RING_RUBY
1159    PID_RING_SAPHIRE
1160    PID_RING_BRILLIANT
1161    PID_RING_WOOD
1162    PID_RING_SILVER
1163    PID_RING_MITHRIL
1164    PID_CHAIN
1165    PID_CHAIN_SMALL
1166    PID_CHAIN_MITHRIL
1167    PID_CHAIN_MITHRIL_SMALL
1168    PID_CHAIN_LUBRICATED
1169    PID_CHAIN_LUBRICATED_SMALL
1170    PID_CHAIN_GUARD
1171    PID_CHAIN_GUARD_SMALL
1172    PID_CHAIN_EASY
1173    PID_CHAIN_EASY_SMALL
1174    PID_CHAIN_DWARF
1175    PID_CHAIN_ELF
1176    PID_CHAIN_DWARF2
1177    PID_CHAIN_CHARMED
1178    PID_CHAIN_CHARMED_SMALL
1179    PID_CHAIN_MAGIC
1180    PID_CHAIN_MAGIC_SMALL
1181    PID_CHAIN_MYSTIC
1182    PID_CHAIN_MYSTIC_SMALL
1183    PID_CHAIN_MYSTERY
1184    PID_CHAIN_MYSTERY_SMALL
1185    PID_CHAIN_EASY_BIG
1186    PID_ROBE_PRIEST
1187    PID_ROBE_PRIEST_SMALL
1188    PID_ROBE_DARK
1189    PID_ROBE_DARK_SMALL
1190    PID_ROBE
1191    PID_ROBE_SMALL
1192    PID_ROBE_MAGIC
1193    PID_ROBE_MAGIC_SMALL
1194    PID_ROBE_CHARMED
1195    PID_ROBE_CHARMED_SMALL
1196    PID_ROBE_GRAY_MAGIC
1197    PID_ROBE_GRAY_MAGIC_SMALL
1198    PID_ROBE_MYSTIC
1199    PID_ROBE_MYSTIC_SMALL
1200    PID_ROBE_MYSTERY
1201    PID_ROBE_MYSTERY_SMALL
1202    PID_ROBE_CHARMED_ROAD_CLOAK
1203    PID_ROBE_CHARMED_ROAD_CLOAK_SMALL
1204    PID_ROBE_MAGIC_ROAD_CLOAK
1205    PID_ROBE_MAGIC_ROAD_CLOAK_SMALL
1206    PID_ROBE_MYSTIC_ROAD_CLOAK
1207    PID_ROBE_MYSTIC_ROAD_CLOAK_SMALL
1208    PID_ROBE_MYSTERY_ROAD_CLOAK
1209    PID_ROBE_MYSTERY_ROAD_CLOAK_SMALL
1210    PID_ROBE_GOOD
1211    PID_ROBE_GOOD_SMALL
1212    PID_MEDALLION
1213    PID_MEDALLION_MOLOH
1214    PID_MEDALLION_BEAUTY
1215    PID_MEDALLION_DORY
1216    PID_MEDALLION_LEADERSHIP
1217    PID_MEDALLION_SNAKE
1218    PID_MEDALLION_EMERALD
1219    PID_MEDALLION_RUBY
1220    PID_MEDALLION_SAPHIRE
1221    PID_MEDALLION_BRILLIANT
1222    PID_CLOTH_HEAVY_HAIR_JACKET
1223    PID_CLOTH_HEAVY_HAIR_JACKET_SMALL
1224    PID_CLOTH_GOOD_SUIT
1225    PID_CLOTH_GOOD_SUIT_SMALL
1226    PID_CLOTH_GOOD_SUIT_BIG
1227    PID_CLOTH_HEAVY_HAIR
1228    PID_CLOTH_SUEDE
1229    PID_CLOTH_SUEDE_SMALL
1230    PID_CLOTH_SMOKY_SUIT
1231    PID_CLOTH_SMOKY_SUIT_SMALL
1232    PID_CLOTH_SMOKY_SUIT_BIG
1233    PID_CLOTH_HEAVY_RAG
1234    PID_CLOTH_HAIR_JACKET
1235    PID_CLOTH_HAIR_JACKET_SMALL
1236    PID_CLOTH_SERVANT
1237    PID_CLOTH_SERVANT_SMALL
1238    PID_CLOTH_SERVANT_BIG
1239    PID_CLOTH_SCARLET_RAG
1240    PID_CLOTH_JACKET
1241    PID_CLOTH_JACKET_SMALL
1242    PID_CLOTH_VILLAGE_SUIT
1243    PID_CLOTH_VILLAGE_SUIT_SMALL
1244    PID_CLOTH_VILLAGE_SUIT_BIG
1245    PID_CLOTH_RAG
1246    PID_CLOTH_EASY_DRESS
1247    PID_CLOTH_ELEGANT_DRESS
1248    PID_CLOTH_SERVANT_DRESS
1249    PID_CLOTH_VILLAGE_DRESS
1250    PID_CLOTH_POISON_PROTECT
1251    PID_CLOTH_POISON_PROTECT_SMALL
1252    PID_CLOTH_POISON_PROTECT_BIG
1253    PID_CLOTH_GLASSES
1254    PID_CLOTH_TOPHAT
1255    PID_CLOTH_INVERSION_HAT
1256    PID_CLOTH_OFFICER
1257    PID_CLOTH_OFFICER_SMALL
1258    PID_PLATE_MITHRIL
1259    PID_PLATE_MITHRIL_SMALL
1260    PID_PLATE_MITHRIL_BIG
1261    PID_PLATE
1262    PID_PLATE_SMALL
1263    PID_PLATE_BIG
1264    PID_PLATE_MACHINE_GUARD
1265    PID_PLATE_MACHINE_GUARD_SMALL
1266    PID_PLATE_MACHINE_GUARD_BIG
1267    PID_PLATE_BRONZE
1268    PID_PLATE_BRONZE_SMALL
1269    PID_PLATE_BRONZE_BIG
1270    PID_PLATE_ELITE
1271    PID_PLATE_ELITE_SMALL
1272    PID_PLATE_ELITE_BIG
1273    PID_PLATE_REGEN_SMALL
1274    PID_PLATE_CHARMED
1275    PID_PLATE_CHARMED_SMALL
1276    PID_PLATE_MAGIC
1277    PID_PLATE_MAGIC_SMALL
1278    PID_PLATE_MYSTIC
1279    PID_PLATE_MYSTIC_SMALL
1280    PID_PLATE_MYSTERY
1281    PID_PLATE_MYSTERY_SMALL
1282    PID_GLOVE
1283    PID_GLOVE_SKIN
1284    PID_GLOVE_DWARF
1285    PID_GLOVE_MACHINE
1286    PID_GLOVE_WAR
1287    PID_GLOVE_CHAIN
1288    PID_GLOVE_EASY_HAND
1289    PID_GLOVE_AGILITY
1290    PID_GLOVE_AURIGA
1291    PID_GLOVE_CHARMED
1292    PID_GLOVE_MAGIC
1293    PID_GLOVE_MYSTIC
1294    PID_GLOVE_MYSTERY
1295    PID_BOOT
1296    PID_BOOT_METAL
1297    PID_BOOT_BIG_GOOD
1298    PID_BOOT2
1299    PID_BOOT_SHOE_OLD
1300    PID_BOOT_OLD
1301    PID_BOOT_FASHION_WOMAN
1302    PID_BOOT_OLD_WOMAN
1303    PID_BOOT_ELF
1304    PID_BOOT_WAR_CHARMED
1305    PID_MACHINE_ARM_PLATE
1306    PID_MACHINE_ARM_PLATE_SMALL
1307    PID_MACHINE_ARM_ELECTRO
1308    PID_MACHINE_ARM_ELECTRO_SMALL
1309    PID_MACHINE_ARM_ELECTRO_BIG
1310    PID_MACHINE_ARM_BIG
1311    PID_HELMET
1312    PID_HELMET_GOOD
1313    PID_HELMET_PIG
1314    PID_HELMET_OCULARS
1315    PID_HELMET_SEEING
1316    PID_HELMET_LIGHT
1317    PID_HELMET_GELEAM
1318    PID_HELMET_GELEAM_BIG
1319    PID_HELMET_DARK
1320    PID_HELMET_MINER
1321    PID_HELMET_CHARMED
1322    PID_HELMET_MAGIC
1323    PID_HELMET_MYSTIC
1324    PID_HELMET_MYSTERY
1325    PID_HELMET_WITH_GLASSES
1326    PID_MOLOH_AMULET
1327    PID_TESTERS_AMULET
1328    PID_HELM_CYL
1329    PID_HELM_ELEGANT_CYL
1330    PID_BOOTS_GOOD_TRAVELER
1331    PID_BOOTS_ELEGANT
1332    PID_GLOVES_LEATHER
1333    PID_AMULET_BEDOKAAN
1334    PID_AMULET_ARAH
22000   PID_POTION_HEAL_LIGHT
22001   PID_POTION_HEAL_GREATER
22002   PID_POTION_FATIGUE_LIGHT
22003   PID_MORGANA_POTION
22004   PID_POTION_FATIGUE_GREATER
22005   PID_POTION_HEAL_POISON
22006   PID_LOW_STAMINA
22007   PID_INT_POTION
22008   PID_SPEED_POTION
22009   PID_SKIN_IRON_POTION
22010   PID_KALISPI_POISON
22011   PID_BREAD_FOOD
22012   PID_WATER_BOTTLE
22013   PID_HEAL_LITE
22014   PID_FATIGUE_RESTORE
22015   PID_WONDER_DRUG
22016   PID_CURE_ALL
22017   PID_GINKA_ROOT
22018   PID_KEDURA_STEM
22022   PID_ELECTROLYTE
22034   PID_POPPY_FLOWER
22035   PID_BIG_SNAKE_OIL
22036   PID_POISON_LOVE
22037   PID_WONDER_DRUG2
22038   PID_ACID_YO
22039   PID_ANIMAL_LURE
22040   PID_ANIMAL_SCIENT
22041   PID_BREWERS
22042   PID_CARBOLIC_ACID
22043   PID_HALLUCINITE
22044   PID_MUSHROOM
22045   PID_BRAIN_PILLS
22046   PID_WINE
22047   PID_BANDAGES
22048   PID_RATS_POTION
22049   PID_KAMPHOR_SPIRIT
22050   PID_SUGAR_OH_HONEY
22051   PID_REANIMATOR
22053   PID_RUNNERS_INT
22055   PID_POISON_FULL
22056   PID_POISON_EMPTY
23000   PID_DAGGER
23001   PID_SWORD
23002   PID_AXE
23003   PID_MACE
23004   PID_PISTOL
23005   PID_BROAD_SWORD
23006   PID_BOW
23007   PID_RIFLE
23008   PID_STUFF
23009   PID_ENVENOMED_SWORD
23010   PID_ELEPHANT_GUN
23011   PID_TESLA_ROD
23012   PID_FLAME_THROWER
23013   PID_ENCHANTED_SWORD
23014   PID_VAMPIRE_SWORD
23015   PID_NEW_GENERIC_PISTOL
23016   PID_REPEATER_RIFLE
23017   PID_GENERIC_RIFLE
23018   PID_SPIKE
23019   PID_SWORD_OF_BALANCE
23020   PID_BRONVIK_PISTOL
23021   PID_RUSTED_GENERIC_DAGGER
23022   PID_NEW_GENERIC_DAGGER   
23023   PID_THROW_DAGGER
23024   PID_MECHANICAL_DAGGER
23025   PID_MAGE_DAGGER
23026   PID_DAGGER_SPEED
23027   PID_RUSTED_GENERIC_SWORD
23028   PID_NEW_GENERIC_SWORD
23029   PID_CAL_ELITE_GUARD_SWORD
23030   PID_RAPIER
23031   PID_SHORT_SWORD
23032   PID_SCIMITAR
23033   PID_KATANA
23034   PID_FALCHION
23035   PID_GUARD_SWORD
23036   PID_ENCHANTED_SWORD
23037   PID_RUSTED_GENERIC_AXE
23038   PID_NEW_GENERIC_AXE
23039   PID_POWER_AXE
23150   PID_HOBBIT_SWORD
23996   PID_ARROW
23997   PID_BULLET
23998   PID_BATTERY
23999   PID_FUEL
25000   PID_REEDPIPE
25001   PID_LOTR
25002   PID_SMITHY1
25003   PID_STEEL1
25004   PID_BIG_STONE
25017   PID_GINKA_ROOT
25018   PID_KEDURA_STEM
25019   PID_COCA_LEAVES
25020   PID_TOBACCO_LEAF
25034   PID_POPPY_FLOWER
25044   PID_MUSHROOM
25045   PID_WHISKEY_BOX
25046   PID_BANK_BOX
25047   PID_ARAH_HEAD